this is errors new